[level]
map = ....................................................................................................................
      .^^^^^^^^^.............................................................^^^^^^^^^^^^^^^^^^^^^^^^^^^^^^^^^^^^^^.......
      .^#######^^^...........................................................^####################################^.......
      .^#~~~~~###^.................................^^^^^^^^^^^^..............^#c~~~~~~~~~~~~~~~~~~~~~~~~~~~~~~~~~#^.......
      .^#~~~~~~c#^.................................^##########^..............^########~~~~~~~~~~~~~~~~~~~~~~~~~~~#^^^^....
      .^#~~c~####^.................................^#c~~~~c~~#^..............^^^^^^^^#~~~~~~~~~~~~~~~~~~~~~~~~~~~####^....
      .^######^^^^.....^^^^^^^.....................^##~~c~~~~#^.....................^#c~~~~c~~~~~~~~~~~~~~~~~~~~~~~c#^....
      .^^^^^^^^.......^^#####^^^^..................^^#########^...............❤.....^##########~~~~~~~~~~~~~~~~~~~~~#^....
      ................^##~~c####^...................^^^^^^^^^^^.....................^^^^^^^^^^#~~~~~~~~~~~~~~~~~~~~~#^....
      ................^#c~~~~~~#^............................................................^#c~~~~~~~~~~~~~~~~~~~~#^....
      ................^#~~~~~~c#^.......❤....................................................^#~~~c~~~~~~c~~~~~~~~c~#^....
      ................^##~~c~~##^.....................^^^^^^^^^^^^...........................^#######################^....
      ................^^#######^^.....................^##########^...........................^^^^^^^^^^^^^^^^^^^^^^^^^....
      .................^^^^^^^^^......................^#c~~~~~~c#^........................................................
      ................................................^#~~~~~~~~#^........................................................
      ......★.............................^^^^^^^^^^^^^#~~~~~~~~#^........................................................
      ....................................^#############~~~~~~~c#^........................................................
      ....................................^#~c~~~~~c~~~~~~~~~####^........................................................
      ....................................^#~~~~~~~~~~~~~~~~~#^^^^............❤...........................................
      ....................................^#~~c~~~~~~~~c~~~~c#^.......................................^^^^^^^^^^^^........
      ....................................^###################^.......................................^##########^........
      ...................^^^^^^^^^^^......^^^^^^^^^^^^^^^^^^^^^.......................................^#c~~~~~~~#^........
      ...................^#########^......................................^^^^^^^.....................^##~~c~~~~#^........
      ...................^#c~~~~~~#^.....................................^^#####^^^^..................^^#########^........
      ...................^#~~~~~~c#^........❤............................^##~~~####^...................^^^^^^^^^^^........
      ...................^#~c~~~~~#^.....................................^#c~~~~~~#^......................................
      ...................^#########^.....................................^#~~~~~~c#^..................❤...................
      .^^^^^^^^^^^^......^^^^^^^^^^^.....................................^##~~c~~##^......................................
      .^##########^......................................................^^#######^^......................................
      .^#~~c~~~~~#^.......................................................^^^^^^^^^.......................................
      .^#~~~~~~~c#^.......................................................................................................
      .^#~~~~~~~~#^.......................^^^^^^^^^.....................................................^^^^^^^^^^^^......
      .^##########^................^^^^^^^^#######^^^^^^^^^^............................................^##########^......
      .^^^^^^^^^^^^................^########~~c~~##########^............................................^#~~c~~~~~#^......
      .............................^#~~c~~~~~~~~~~~~~~~~~~#^............................................^#~~~~~~~~#^......
      ...................❤.........^#~~~~~~~~~~~~~~~~~~~~c#^............................................^#~~c~~~~c#^......
      .............................^#c~~~~~~~~c~~~~~~~~~~~#^............................................^##########^......
      .............................^#~~~###################^.......❤........^^^^^^^^^^^.................^^^^^^^^^^^^......
      .............................^#####^^^^^^^^^^^^^^^^^^^................^#########^...................................
      .............................^^^^^^^..................................^#c~~~~~~#^...................................
      ......................................................................^#~~~~~~c#^...................................
      ......................................................................^#~c~~~~~#^...................................
      ......................................................................^#########^...................................
      ....................................................^^^^^^^^^^^^......^^^^^^^^^^^...................................
      ....................................................^##########^....................................................
      ....................................................^#~~c~~~~~#^....................................................
      ....................................................^#~~~~~~~c#^....................................................
      ....................................................^#c~~~~~~~#^....................................................
      ....................................................^##########^....................................................
      ....................................................^^^^^^^^^^^^....................................................
      ....................................................................................................................
[★]
name = player
complex = yes

[.]
name = water
complex = no

[#]
name = sand
complex = yes

[~]
name = grass
complex = no

[^]
name = beach
complex = yes

[c]
name = cannon
complex = yes
act_as = ~

[❤]
name = hearth
complex = yes
act_as = .
